// Jest Snapshot v1, https://goo.gl/fbAQLP

exports[`Footer should render Footer correctly 1`] = `
<footer
  className="content"
>
  <div
    className="logo"
  >
    <Logo />
  </div>
</footer>
`;
