// Jest Snapshot v1, https://goo.gl/fbAQLP

exports[`Logo should render logotype of the site correctly 1`] = `
<Fragment>
  <span
    className="logo"
  >
    <span
      className="bold"
    >
      netflix
    </span>
    roulette
  </span>
</Fragment>
`;
